// Jest Snapshot v1, https://goo.gl/fbAQLP

exports[`SelectOption Component renders and create snapshot <SelectOptions /> 1`] = `undefined`;
