// Jest Snapshot v1, https://goo.gl/fbAQLP

exports[`ProductCard Component renders and create snapshot <ProductCard /> 1`] = `undefined`;
